Bestand: testOutput/noMoves.txt

geen bewegingen.
